org\example\adventuretime\config\CorsConfig.class
org\example\adventuretime\controller\TransportController.class
org\example\adventuretime\mapper\TransportMapper.class
org\example\adventuretime\dto\TourDto.class
org\example\adventuretime\repository\TourRepository.class
org\example\adventuretime\controller\WebController.class
org\example\adventuretime\config\CacheConfig.class
org\example\adventuretime\logging\LogFileGenerator.class
org\example\adventuretime\mapper\CountryMapper.class
org\example\adventuretime\model\Country.class
org\example\adventuretime\filter\VisitCounterFilter.class
org\example\adventuretime\config\LruCache.class
org\example\adventuretime\config\AsyncConfig.class
org\example\adventuretime\logging\LoggingAspect.class
org\example\adventuretime\controller\LogController.class
org\example\adventuretime\controller\TourController.class
org\example\adventuretime\model\Tour.class
org\example\adventuretime\repository\CountryRepository.class
org\example\adventuretime\dto\ResponseDto.class
org\example\adventuretime\config\LruCache$1.class
org\example\adventuretime\exception\GlobalExceptionHandler.class
org\example\adventuretime\mapper\TourMapper.class
org\example\adventuretime\model\Transport.class
org\example\adventuretime\controller\VisitCounterController.class
org\example\adventuretime\service\TourService.class
org\example\adventuretime\model\LogFileTask.class
org\example\adventuretime\dto\CountryDto.class
org\example\adventuretime\controller\CountryController.class
org\example\adventuretime\AdventureTimeApplication.class
org\example\adventuretime\logging\LogFileId.class
org\example\adventuretime\service\CountryService.class
org\example\adventuretime\service\TransportService.class
org\example\adventuretime\logging\VisitCounter.class
org\example\adventuretime\dto\TransportDto.class
org\example\adventuretime\exception\ValidationException.class
org\example\adventuretime\repository\TransportRepository.class
