C:\Users\alexe\IdeaProjects\AdventureTime\src\main\java\org\example\adventuretime\controller\VisitCounterController.java
C:\Users\alexe\IdeaProjects\AdventureTime\src\main\java\org\example\adventuretime\AdventureTimeApplication.java
C:\Users\alexe\IdeaProjects\AdventureTime\src\main\java\org\example\adventuretime\service\CountryService.java
C:\Users\alexe\IdeaProjects\AdventureTime\src\main\java\org\example\adventuretime\controller\CountryController.java
C:\Users\alexe\IdeaProjects\AdventureTime\src\main\java\org\example\adventuretime\controller\TourController.java
C:\Users\alexe\IdeaProjects\AdventureTime\src\main\java\org\example\adventuretime\model\LogFileTask.java
C:\Users\alexe\IdeaProjects\AdventureTime\src\main\java\org\example\adventuretime\service\TransportService.java
C:\Users\alexe\IdeaProjects\AdventureTime\src\main\java\org\example\adventuretime\filter\VisitCounterFilter.java
C:\Users\alexe\IdeaProjects\AdventureTime\src\main\java\org\example\adventuretime\logging\LogFileId.java
C:\Users\alexe\IdeaProjects\AdventureTime\src\main\java\org\example\adventuretime\service\TourService.java
C:\Users\alexe\IdeaProjects\AdventureTime\src\main\java\org\example\adventuretime\mapper\TransportMapper.java
C:\Users\alexe\IdeaProjects\AdventureTime\src\main\java\org\example\adventuretime\dto\TransportDto.java
C:\Users\alexe\IdeaProjects\AdventureTime\src\main\java\org\example\adventuretime\mapper\CountryMapper.java
C:\Users\alexe\IdeaProjects\AdventureTime\src\main\java\org\example\adventuretime\repository\TourRepository.java
C:\Users\alexe\IdeaProjects\AdventureTime\src\main\java\org\example\adventuretime\logging\LogFileGenerator.java
C:\Users\alexe\IdeaProjects\AdventureTime\src\main\java\org\example\adventuretime\config\AsyncConfig.java
C:\Users\alexe\IdeaProjects\AdventureTime\src\main\java\org\example\adventuretime\logging\LoggingAspect.java
C:\Users\alexe\IdeaProjects\AdventureTime\src\main\java\org\example\adventuretime\logging\VisitCounter.java
C:\Users\alexe\IdeaProjects\AdventureTime\src\main\java\org\example\adventuretime\model\Country.java
C:\Users\alexe\IdeaProjects\AdventureTime\src\main\java\org\example\adventuretime\dto\ResponseDto.java
C:\Users\alexe\IdeaProjects\AdventureTime\src\main\java\org\example\adventuretime\exception\GlobalExceptionHandler.java
C:\Users\alexe\IdeaProjects\AdventureTime\src\main\java\org\example\adventuretime\repository\CountryRepository.java
C:\Users\alexe\IdeaProjects\AdventureTime\src\main\java\org\example\adventuretime\controller\WebController.java
C:\Users\alexe\IdeaProjects\AdventureTime\src\main\java\org\example\adventuretime\exception\ValidationException.java
C:\Users\alexe\IdeaProjects\AdventureTime\src\main\java\org\example\adventuretime\repository\TransportRepository.java
C:\Users\alexe\IdeaProjects\AdventureTime\src\main\java\org\example\adventuretime\config\CacheConfig.java
C:\Users\alexe\IdeaProjects\AdventureTime\src\main\java\org\example\adventuretime\controller\TransportController.java
C:\Users\alexe\IdeaProjects\AdventureTime\src\main\java\org\example\adventuretime\dto\CountryDto.java
C:\Users\alexe\IdeaProjects\AdventureTime\src\main\java\org\example\adventuretime\dto\TourDto.java
C:\Users\alexe\IdeaProjects\AdventureTime\src\main\java\org\example\adventuretime\model\Tour.java
C:\Users\alexe\IdeaProjects\AdventureTime\src\main\java\org\example\adventuretime\mapper\TourMapper.java
C:\Users\alexe\IdeaProjects\AdventureTime\src\main\java\org\example\adventuretime\model\Transport.java
C:\Users\alexe\IdeaProjects\AdventureTime\src\main\java\org\example\adventuretime\controller\LogController.java
C:\Users\alexe\IdeaProjects\AdventureTime\src\main\java\org\example\adventuretime\config\CorsConfig.java
C:\Users\alexe\IdeaProjects\AdventureTime\src\main\java\org\example\adventuretime\config\LruCache.java
